// Jest Snapshot v1, https://goo.gl/fbAQLP

exports[`<SearchItems /> Should match the page with a snapshot 1`] = `
<div>
  <div
    className="Results"
  >
    <MediaSelectForm
      handleClick={[MockFunction]}
    />
    <p>
      Results: 
      0
    </p>
  </div>
  <p
    className="EnterSearch"
  >
    There are no images
     available for this search
  </p>
</div>
`;
