// Jest Snapshot v1, https://goo.gl/fbAQLP

exports[`<SearchPage /> Component matches the snapshot 1`] = `
<div
  className="SearchPage"
>
  <Navbar
    handleSubmit={[Function]}
  />
  <div
    className="AllSearchItems"
  >
    <Router>
      <EnterSearch
        path="/"
      />
      <SingleItem
        path="/:id"
      />
    </Router>
  </div>
</div>
`;
